// Jest Snapshot v1, https://goo.gl/fbAQLP

exports[`EmployeeList snapshot test EmployeeList renders correctly 1`] = `
<div>
  Loading...
</div>
`;
